
 Start  Stop   Length Name               Class

 00000H 02519H 0251AH _TEXT              CODE
 0251AH 027A6H 0028DH TEST_TEXT          CODE
 027A8H 0287DH 000D6H OS_CPU_A_TEXT      CODE
 0287EH 02A53H 001D6H OS_CPU_C_TEXT      CODE
 02A54H 02DD0H 0037DH PC_TEXT            CODE
 02DD1H 065F9H 03829H UCOS_II_TEXT       CODE
 06600H 06600H 00000H _FARDATA           FAR_DATA
 06600H 06600H 00000H _FARBSS            FAR_BSS
 06600H 06600H 00000H _OVERLAY_          OVRINFO
 06600H 06600H 00000H _1STUB_            STUBSEG
 06600H 06AE7H 004E8H _DATA              DATA
 06AE8H 06AE9H 00002H _CVTSEG            DATA
 06AEAH 06AEFH 00006H _SCNSEG            DATA
 06AF0H 06AF0H 00000H _CONST             CONST
 06AF0H 06AFBH 0000CH _INIT_             INITDATA
 06AFCH 06AFCH 00000H _INITEND_          INITDATA
 06AFCH 06AFCH 00000H _EXIT_             EXITDATA
 06AFCH 06AFCH 00000H _EXITEND_          EXITDATA
 06AFCH 0A3BBH 038C0H _BSS               BSS
 0A3BCH 0A3BCH 00000H _BSSEND            BSSEND
 0A3C0H 0A43FH 00080H _STACK             STACK


Detailed map of segments

 0000:0000 0295 C=CODE   S=_TEXT          G=(none)  M=c0.ASM     ACBP=28
 0000:0295 002D C=CODE   S=_TEXT          G=(none)  M=ATEXIT     ACBP=28
 0000:02C2 0093 C=CODE   S=_TEXT          G=(none)  M=EXIT       ACBP=28
 0000:0355 0000 C=CODE   S=_TEXT          G=(none)  M=FILES      ACBP=28
 0000:0355 0000 C=CODE   S=_TEXT          G=(none)  M=FILES2     ACBP=28
 0000:0355 0017 C=CODE   S=_TEXT          G=(none)  M=F_LXMUL    ACBP=28
 0000:036C 0026 C=CODE   S=_TEXT          G=(none)  M=GETDATE    ACBP=28
 0000:0392 00AE C=CODE   S=_TEXT          G=(none)  M=H_LDIV     ACBP=28
 0000:0440 0021 C=CODE   S=_TEXT          G=(none)  M=H_LLSH     ACBP=28
 0000:0461 0021 C=CODE   S=_TEXT          G=(none)  M=H_LURSH    ACBP=28
 0000:0482 0060 C=CODE   S=_TEXT          G=(none)  M=H_PADD     ACBP=28
 0000:04E2 004B C=CODE   S=_TEXT          G=(none)  M=IOERROR    ACBP=28
 0000:052D 0011 C=CODE   S=_TEXT          G=(none)  M=ISATTY     ACBP=28
 0000:053E 00A2 C=CODE   S=_TEXT          G=(none)  M=LONGTOA    ACBP=28
 0000:05E0 0029 C=CODE   S=_TEXT          G=(none)  M=LSEEK      ACBP=28
 0000:0609 0021 C=CODE   S=_TEXT          G=(none)  M=N_PCMP     ACBP=28
 0000:062A 00BA C=CODE   S=_TEXT          G=(none)  M=SETUPIO    ACBP=28
 0000:06E4 0000 C=CODE   S=_TEXT          G=(none)  M=STKLEN     ACBP=28
 0000:06E4 04DB C=CODE   S=_TEXT          G=(none)  M=VPRINTER   ACBP=28
 0000:0BBF 009F C=CODE   S=_TEXT          G=(none)  M=VRAM       ACBP=28
 0000:0C5E 0000 C=CODE   S=_TEXT          G=(none)  M=WSCROLL    ACBP=28
 0000:0C5E 014E C=CODE   S=_TEXT          G=(none)  M=CPRINTF    ACBP=28
 0000:0DAC 01A5 C=CODE   S=_TEXT          G=(none)  M=CRTINIT    ACBP=28
 0000:0F51 001F C=CODE   S=_TEXT          G=(none)  M=CVTFAK     ACBP=28
 0000:0F70 0432 C=CODE   S=_TEXT          G=(none)  M=FARHEAP    ACBP=28
 0000:13A2 0140 C=CODE   S=_TEXT          G=(none)  M=FBRK       ACBP=28
 0000:14E2 005E C=CODE   S=_TEXT          G=(none)  M=GETCH      ACBP=28
 0000:1540 00AC C=CODE   S=_TEXT          G=(none)  M=GPTEXT     ACBP=28
 0000:15EC 0012 C=CODE   S=_TEXT          G=(none)  M=KBHIT      ACBP=28
 0000:15FE 009D C=CODE   S=_TEXT          G=(none)  M=MOVETEXT   ACBP=28
 0000:169B 0017 C=CODE   S=_TEXT          G=(none)  M=PUTCH      ACBP=28
 0000:16B2 0004 C=CODE   S=_TEXT          G=(none)  M=REALCVT    ACBP=28
 0000:16B6 01C7 C=CODE   S=_TEXT          G=(none)  M=SCREEN     ACBP=28
 0000:187D 018E C=CODE   S=_TEXT          G=(none)  M=SCROLL     ACBP=28
 0000:1A0B 001C C=CODE   S=_TEXT          G=(none)  M=SETBLOCK   ACBP=28
 0000:1A27 006A C=CODE   S=_TEXT          G=(none)  M=SETJMP     ACBP=28
 0000:1A91 002C C=CODE   S=_TEXT          G=(none)  M=WHEREXY    ACBP=28
 0000:1ABD 00CD C=CODE   S=_TEXT          G=(none)  M=FFLUSH     ACBP=28
 0000:1B8A 0042 C=CODE   S=_TEXT          G=(none)  M=FLUSHALL   ACBP=28
 0000:1BCC 01E2 C=CODE   S=_TEXT          G=(none)  M=FSEEK      ACBP=28
 0000:1DAE 0024 C=CODE   S=_TEXT          G=(none)  M=MEMCPY     ACBP=28
 0000:1DD2 001B C=CODE   S=_TEXT          G=(none)  M=PRINTF     ACBP=28
 0000:1DED 03C8 C=CODE   S=_TEXT          G=(none)  M=PUTC       ACBP=28
 0000:21B5 011D C=CODE   S=_TEXT          G=(none)  M=SETVBUF    ACBP=28
 0000:22D2 0083 C=CODE   S=_TEXT          G=(none)  M=SPRINTF    ACBP=28
 0000:2355 0151 C=CODE   S=_TEXT          G=(none)  M=WRITE      ACBP=28
 0000:24A6 003C C=CODE   S=_TEXT          G=(none)  M=WRITEA     ACBP=28
 0000:24E2 0038 C=CODE   S=_TEXT          G=(none)  M=XFFLUSH    ACBP=28
 0251:000A 028D C=CODE   S=TEST_TEXT      G=(none)  M=test.c     ACBP=28
 027A:0008 00D6 C=CODE   S=OS_CPU_A_TEXT  G=(none)  M=\SOFTWARE\uCOS-II\Ix86L\BC45\OS_CPU_A.ASM ACBP=48
 0287:000E 01D6 C=CODE   S=OS_CPU_C_TEXT  G=(none)  M=os_cpu_c.c ACBP=28
 02A5:0004 037D C=CODE   S=PC_TEXT        G=(none)  M=pc.c       ACBP=28
 02DD:0001 3829 C=CODE   S=UCOS_II_TEXT   G=(none)  M=ucos_ii.c  ACBP=28
 0660:0000 0000 C=FAR_DATA S=_FARDATA       G=(none)  M=c0.ASM     ACBP=68
 0660:0000 0000 C=FAR_BSS S=_FARBSS        G=(none)  M=c0.ASM     ACBP=68
 0660:0000 0000 C=OVRINFO S=_OVERLAY_      G=(none)  M=c0.ASM     ACBP=68
 0660:0000 0000 C=STUBSEG S=_1STUB_        G=(none)  M=c0.ASM     ACBP=68
 0660:0000 0093 C=DATA   S=_DATA          G=DGROUP  M=c0.ASM     ACBP=68
 0660:0094 0041 C=DATA   S=_DATA          G=DGROUP  M=test.c     ACBP=48
 0660:00D6 0000 C=DATA   S=_DATA          G=DGROUP  M=\SOFTWARE\uCOS-II\Ix86L\BC45\OS_CPU_A.ASM ACBP=48
 0660:00D6 0002 C=DATA   S=_DATA          G=DGROUP  M=os_cpu_c.c ACBP=48
 0660:00D8 0021 C=DATA   S=_DATA          G=DGROUP  M=pc.c       ACBP=48
 0660:00FA 010A C=DATA   S=_DATA          G=DGROUP  M=ucos_ii.c  ACBP=48
 0660:0204 0002 C=DATA   S=_DATA          G=DGROUP  M=ATEXIT     ACBP=48
 0660:0206 000C C=DATA   S=_DATA          G=DGROUP  M=EXIT       ACBP=48
 0660:0212 0190 C=DATA   S=_DATA          G=DGROUP  M=FILES      ACBP=48
 0660:03A2 002A C=DATA   S=_DATA          G=DGROUP  M=FILES2     ACBP=48
 0660:03CC 0000 C=DATA   S=_DATA          G=DGROUP  M=F_LXMUL    ACBP=48
 0660:03CC 0000 C=DATA   S=_DATA          G=DGROUP  M=GETDATE    ACBP=48
 0660:03CC 0000 C=DATA   S=_DATA          G=DGROUP  M=H_LDIV     ACBP=48
 0660:03CC 0000 C=DATA   S=_DATA          G=DGROUP  M=H_LLSH     ACBP=48
 0660:03CC 0000 C=DATA   S=_DATA          G=DGROUP  M=H_LURSH    ACBP=48
 0660:03CC 0000 C=DATA   S=_DATA          G=DGROUP  M=H_PADD     ACBP=48
 0660:03CC 005B C=DATA   S=_DATA          G=DGROUP  M=IOERROR    ACBP=48
 0660:0428 0000 C=DATA   S=_DATA          G=DGROUP  M=ISATTY     ACBP=48
 0660:0428 0000 C=DATA   S=_DATA          G=DGROUP  M=LONGTOA    ACBP=48
 0660:0428 0000 C=DATA   S=_DATA          G=DGROUP  M=LSEEK      ACBP=48
 0660:0428 0000 C=DATA   S=_DATA          G=DGROUP  M=N_PCMP     ACBP=48
 0660:0428 0000 C=DATA   S=_DATA          G=DGROUP  M=SETUPIO    ACBP=48
 0660:0428 0002 C=DATA   S=_DATA          G=DGROUP  M=STKLEN     ACBP=48
 0660:042A 0067 C=DATA   S=_DATA          G=DGROUP  M=VPRINTER   ACBP=48
 0660:0492 0000 C=DATA   S=_DATA          G=DGROUP  M=VRAM       ACBP=48
 0660:0492 0002 C=DATA   S=_DATA          G=DGROUP  M=WSCROLL    ACBP=48
 0660:0494 0000 C=DATA   S=_DATA          G=DGROUP  M=CPRINTF    ACBP=48
 0660:0494 0018 C=DATA   S=_DATA          G=DGROUP  M=CRTINIT    ACBP=48
 0660:04AC 0031 C=DATA   S=_DATA          G=DGROUP  M=CVTFAK     ACBP=48
 0660:04DE 0000 C=DATA   S=_DATA          G=DGROUP  M=FARHEAP    ACBP=48
 0660:04DE 0002 C=DATA   S=_DATA          G=DGROUP  M=FBRK       ACBP=48
 0660:04E0 0000 C=DATA   S=_DATA          G=DGROUP  M=GETCH      ACBP=48
 0660:04E0 0000 C=DATA   S=_DATA          G=DGROUP  M=GPTEXT     ACBP=48
 0660:04E0 0002 C=DATA   S=_DATA          G=DGROUP  M=KBHIT      ACBP=48
 0660:04E2 0000 C=DATA   S=_DATA          G=DGROUP  M=MOVETEXT   ACBP=48
 0660:04E2 0000 C=DATA   S=_DATA          G=DGROUP  M=PUTCH      ACBP=48
 0660:04E2 0000 C=DATA   S=_DATA          G=DGROUP  M=REALCVT    ACBP=48
 0660:04E2 0000 C=DATA   S=_DATA          G=DGROUP  M=SCREEN     ACBP=48
 0660:04E2 0000 C=DATA   S=_DATA          G=DGROUP  M=SCROLL     ACBP=48
 0660:04E2 0000 C=DATA   S=_DATA          G=DGROUP  M=SETBLOCK   ACBP=48
 0660:04E2 0000 C=DATA   S=_DATA          G=DGROUP  M=SETJMP     ACBP=48
 0660:04E2 0000 C=DATA   S=_DATA          G=DGROUP  M=WHEREXY    ACBP=48
 0660:04E2 0000 C=DATA   S=_DATA          G=DGROUP  M=FFLUSH     ACBP=48
 0660:04E2 0000 C=DATA   S=_DATA          G=DGROUP  M=FLUSHALL   ACBP=48
 0660:04E2 0000 C=DATA   S=_DATA          G=DGROUP  M=FSEEK      ACBP=48
 0660:04E2 0000 C=DATA   S=_DATA          G=DGROUP  M=MEMCPY     ACBP=48
 0660:04E2 0000 C=DATA   S=_DATA          G=DGROUP  M=PRINTF     ACBP=48
 0660:04E2 0001 C=DATA   S=_DATA          G=DGROUP  M=PUTC       ACBP=48
 0660:04E4 0004 C=DATA   S=_DATA          G=DGROUP  M=SETVBUF    ACBP=48
 0660:04E8 0000 C=DATA   S=_DATA          G=DGROUP  M=SPRINTF    ACBP=48
 0660:04E8 0000 C=DATA   S=_DATA          G=DGROUP  M=WRITE      ACBP=48
 0660:04E8 0000 C=DATA   S=_DATA          G=DGROUP  M=WRITEA     ACBP=48
 0660:04E8 0000 C=DATA   S=_DATA          G=DGROUP  M=XFFLUSH    ACBP=48
 0660:04E8 0000 C=DATA   S=_CVTSEG        G=DGROUP  M=c0.ASM     ACBP=48
 0660:04E8 0002 C=DATA   S=_CVTSEG        G=DGROUP  M=CVTFAK     ACBP=48
 0660:04EA 0000 C=DATA   S=_CVTSEG        G=DGROUP  M=REALCVT    ACBP=48
 0660:04EA 0000 C=DATA   S=_SCNSEG        G=DGROUP  M=c0.ASM     ACBP=48
 0660:04EA 0006 C=DATA   S=_SCNSEG        G=DGROUP  M=CVTFAK     ACBP=48
 0660:04F0 0000 C=CONST  S=_CONST         G=DGROUP  M=c0.ASM     ACBP=48
 0660:04F0 0000 C=INITDATA S=_INIT_         G=DGROUP  M=c0.ASM     ACBP=48
 0660:04F0 0006 C=INITDATA S=_INIT_         G=DGROUP  M=SETUPIO    ACBP=48
 0660:04F6 0006 C=INITDATA S=_INIT_         G=DGROUP  M=CRTINIT    ACBP=48
 0660:04FC 0000 C=INITDATA S=_INITEND_      G=DGROUP  M=c0.ASM     ACBP=28
 0660:04FC 0000 C=EXITDATA S=_EXIT_         G=DGROUP  M=c0.ASM     ACBP=48
 0660:04FC 0000 C=EXITDATA S=_EXITEND_      G=DGROUP  M=c0.ASM     ACBP=28
 0660:04FC 0000 C=BSS    S=_BSS           G=DGROUP  M=c0.ASM     ACBP=48
 0660:04FC 2C0E C=BSS    S=_BSS           G=DGROUP  M=test.c     ACBP=48
 0660:310A 0001 C=BSS    S=_BSS           G=DGROUP  M=os_cpu_c.c ACBP=48
 0660:310C 001B C=BSS    S=_BSS           G=DGROUP  M=pc.c       ACBP=48
 0660:3128 0C12 C=BSS    S=_BSS           G=DGROUP  M=ucos_ii.c  ACBP=48
 0660:3D3A 0080 C=BSS    S=_BSS           G=DGROUP  M=ATEXIT     ACBP=48
 0660:3DBA 0000 C=BSS    S=_BSS           G=DGROUP  M=IOERROR    ACBP=48
 0660:3DBA 0000 C=BSS    S=_BSS           G=DGROUP  M=ISATTY     ACBP=48
 0660:3DBA 0000 C=BSS    S=_BSS           G=DGROUP  M=LONGTOA    ACBP=48
 0660:3DBA 0000 C=BSS    S=_BSS           G=DGROUP  M=LSEEK      ACBP=48
 0660:3DBA 0000 C=BSS    S=_BSS           G=DGROUP  M=SETUPIO    ACBP=48
 0660:3DBA 0000 C=BSS    S=_BSS           G=DGROUP  M=VPRINTER   ACBP=48
 0660:3DBA 0000 C=BSS    S=_BSS           G=DGROUP  M=VRAM       ACBP=48
 0660:3DBA 0000 C=BSS    S=_BSS           G=DGROUP  M=CRTINIT    ACBP=48
 0660:3DBA 0000 C=BSS    S=_BSS           G=DGROUP  M=GETCH      ACBP=48
 0660:3DBA 0000 C=BSS    S=_BSS           G=DGROUP  M=KBHIT      ACBP=48
 0660:3DBA 0000 C=BSS    S=_BSS           G=DGROUP  M=SETBLOCK   ACBP=48
 0660:3DBA 0000 C=BSS    S=_BSS           G=DGROUP  M=SETJMP     ACBP=48
 0660:3DBA 0000 C=BSS    S=_BSS           G=DGROUP  M=MEMCPY     ACBP=48
 0660:3DBA 0001 C=BSS    S=_BSS           G=DGROUP  M=PUTC       ACBP=48
 0660:3DBC 0000 C=BSS    S=_BSS           G=DGROUP  M=WRITEA     ACBP=48
 0660:3DBC 0000 C=BSSEND S=_BSSEND        G=DGROUP  M=c0.ASM     ACBP=28
 0A3C:0000 0080 C=STACK  S=_STACK         G=(none)  M=c0.ASM     ACBP=74

  Address         Publics by Name

 0660:0000 idle  DATASEG@
 0000:0291 idle  DGROUP@
 0000:0395 idle  F_LDIV@
 0000:03A4 idle  F_LMOD@
 0000:039C       F_LUDIV@
 0000:03AC idle  F_LUMOD@
 0000:0443       F_LXLSH@
 0000:0355       F_LXMUL@
 0000:0464       F_LXURSH@
 0000:0485 idle  F_PADD@
 0000:04B4 idle  F_PSUB@
 0000:0395 idle  LDIV@
 0000:03A4 idle  LMOD@
 0000:039C idle  LUDIV@
 0000:03AC idle  LUMOD@
 0000:0443 idle  LXLSH@
 0000:0355 idle  LXMUL@
 0000:0464 idle  LXURSH@
 0000:0392 idle  N_LDIV@
 0000:03A1 idle  N_LMOD@
 0000:0399 idle  N_LUDIV@
 0000:03A9 idle  N_LUMOD@
 0000:0440       N_LXLSH@
 0000:0461 idle  N_LXURSH@
 0000:0482       N_PADD@
 0000:0609       N_PCMP@
 0000:04B1 idle  N_PSUB@
 0000:0485 idle  PADD@
 0000:04B4 idle  PSUB@
 0000:027A       _abort
 0000:0295 idle  _atexit
 0000:0D90 idle  _cprintf
 0660:04A3       _directvideo
 0660:007F       _errno
 0000:031A       _exit
 0000:10B0 idle  _farfree
 0000:11C4 idle  _farmalloc
 0000:1328 idle  _farrealloc
 0000:1ABD       _fflush
 0000:1B8A       _flushall
 0000:1E09 idle  _fputc
 0000:1F9E idle  _fputchar
 0000:10B0       _free
 0000:1C4E       _fseek
 0000:1CCE idle  _ftell
 0000:14E2       _getch
 0000:14FE idle  _getche
 0000:036C       _getdate
 0000:1540       _gettext
 0000:037F       _gettime
 0251:0275 idle  _InitMsgList
 0000:052D       _isatty
 0000:15EC       _kbhit
 0000:1A5D       _longjmp
 0000:05E0       _lseek
 0251:000A       _main
 0000:11BA       _malloc
 0000:1DAE       _memcpy
 0000:15FE       _movetext
 0660:3D36       _msgList
 0660:3D32       _msgTemp
 0660:3CEE idle  _OSCPUUsage
 027A:0026       _OSCtxSw
 0660:3D2E       _OSCtxSwCtr
 0660:3D2A idle  _OSEventFreeList
 0660:3D16 idle  _OSEventTbl
 02DD:096D idle  _OSFlagAccept
 02DD:0A9F idle  _OSFlagCreate
 02DD:0B17 idle  _OSFlagDel
 0660:3CEF idle  _OSFlagFreeList
 02DD:0C59 idle  _OSFlagPend
 02DD:0EB3 idle  _OSFlagPost
 02DD:1053 idle  _OSFlagQuery
 0660:3CF3 idle  _OSFlagTbl
 0660:38D7 idle  _OSIdleCtr
 0660:3CEA idle  _OSIdleCtrMax
 0660:3CE6 idle  _OSIdleCtrRun
 02DD:0001       _OSInit
 0287:000E       _OSInitHookBegin
 0287:000F       _OSInitHookEnd
 027A:0061       _OSIntCtxSw
 02DD:0039 idle  _OSIntEnter
 02DD:004C       _OSIntExit
 0660:38E3 idle  _OSIntExitY
 0660:38E4       _OSIntNesting
 0660:38E2 idle  _OSLockNesting
 0660:00FC idle  _OSMapTbl
 02DD:12E3 idle  _OSMboxAccept
 02DD:132E idle  _OSMboxCreate
 02DD:13A3 idle  _OSMboxDel
 02DD:14C1 idle  _OSMboxPend
 02DD:15C3 idle  _OSMboxPost
 02DD:163B idle  _OSMboxPostOpt
 02DD:16DE idle  _OSMboxQuery
 02DD:176C idle  _OSMemCreate
 0660:31C4 idle  _OSMemFreeList
 02DD:18B7 idle  _OSMemGet
 02DD:1935 idle  _OSMemPut
 02DD:19A5 idle  _OSMemQuery
 0660:3160 idle  _OSMemTbl
 02DD:1AF2 idle  _OSMutexAccept
 02DD:1B7D idle  _OSMutexCreate
 02DD:1C63 idle  _OSMutexDel
 02DD:1DBD idle  _OSMutexPend
 02DD:1FA8 idle  _OSMutexPost
 02DD:2130 idle  _OSMutexQuery
 0660:38E1       _OSPrioCur
 0660:38E0       _OSPrioHighRdy
 02DD:21E5 idle  _OSQAccept
 02DD:2285 idle  _OSQCreate
 02DD:23A8 idle  _OSQDel
 02DD:2525 idle  _OSQFlush
 0660:315C idle  _OSQFreeList
 02DD:257D idle  _OSQPend
 02DD:26C3 idle  _OSQPost
 02DD:278B idle  _OSQPostFront
 02DD:284D idle  _OSQPostOpt
 02DD:298B idle  _OSQQuery
 0660:312C idle  _OSQTbl
 0660:38DF idle  _OSRdyGrp
 0660:38DD idle  _OSRdyTbl
 0660:38DC       _OSRunning
 02DD:00ED idle  _OSSchedLock
 02DD:0103 idle  _OSSchedUnlock
 02DD:2AB0 idle  _OSSemAccept
 02DD:2AE2       _OSSemCreate
 02DD:2B56 idle  _OSSemDel
 02DD:2C74 idle  _OSSemPend
 02DD:2D24 idle  _OSSemPost
 02DD:2D7E idle  _OSSemQuery
 02DD:0130       _OSStart
 027A:0008       _OSStartHighRdy
 02DD:018F idle  _OSStatInit
 0660:3CE5 idle  _OSStatRdy
 02DD:2E04 idle  _OSTaskChangePrio
 02DD:2FD0       _OSTaskCreate
 02DD:308D idle  _OSTaskCreateExt
 0287:0010       _OSTaskCreateHook
 0660:38DB idle  _OSTaskCtr
 02DD:317D idle  _OSTaskDel
 0287:0015       _OSTaskDelHook
 02DD:335C idle  _OSTaskDelReq
 0287:001A       _OSTaskIdleHook
 0660:34D7 idle  _OSTaskIdleStk
 02DD:35DA idle  _OSTaskQuery
 02DD:33C8 idle  _OSTaskResume
 0287:001B       _OSTaskStatHook
 0660:38E5 idle  _OSTaskStatStk
 02DD:3447 idle  _OSTaskStkChk
 0287:001C       _OSTaskStkInit
 0287:0102 idle  _OSTaskStkInit_FPE_x86
 02DD:352C idle  _OSTaskSuspend
 0287:01DD       _OSTaskSwHook
 0660:34D3       _OSTCBCur
 0660:34CF idle  _OSTCBFreeList
 0660:34CB       _OSTCBHighRdy
 0287:01DE       _OSTCBInitHook
 0660:34C7 idle  _OSTCBList
 0660:3493 idle  _OSTCBPrioTbl
 0660:31C8 idle  _OSTCBTbl
 0660:310A       _OSTickDOSCtr
 027A:008E       _OSTickISR
 0660:3128 idle  _OSTime
 02DD:3648       _OSTimeDly
 02DD:368F       _OSTimeDlyHMSM
 02DD:377E idle  _OSTimeDlyResume
 02DD:37F6       _OSTimeGet
 02DD:3815       _OSTimeSet
 02DD:01CA       _OSTimeTick
 0287:01E3       _OSTimeTickHook
 0660:0104 idle  _OSUnMapTbl
 02DD:0260 idle  _OSVersion
 02DD:0264 idle  _OS_Dummy
 02DD:0265 idle  _OS_EventTaskRdy
 02DD:032F idle  _OS_EventTaskWait
 02DD:039C idle  _OS_EventTO
 02DD:03F0 idle  _OS_EventWaitListInit
 02DD:1175 idle  _OS_FlagInit
 02DD:1234 idle  _OS_FlagUnlink
 02DD:1A4E idle  _OS_MemInit
 02DD:2A60 idle  _OS_QInit
 02DD:05EA idle  _OS_Sched
 02DD:0672 idle  _OS_TaskIdle
 02DD:0697 idle  _OS_TaskStat
 02DD:0763 idle  _OS_TCBInit
 02A5:0004 idle  _PC_DispChar
 02A5:0042 idle  _PC_DispClrCol
 02A5:0088 idle  _PC_DispClrRow
 02A5:00C1 idle  _PC_DispClrScr
 02A5:00F2 idle  _PC_DispStr
 02A5:0141       _PC_DOSReturn
 02A5:0155       _PC_DOSSaveReturn
 02A5:01C3 idle  _PC_ElapsedInit
 02A5:01D7 idle  _PC_ElapsedStart
 02A5:01FD idle  _PC_ElapsedStop
 02A5:024E idle  _PC_GetDateTime
 02A5:02A1       _PC_GetKey
 02A5:02C8       _PC_SetTickRate
 0660:310C idle  _PC_TickISR
 02A5:0315 idle  _PC_VectGet
 02A5:034C       _PC_VectSet
 0000:1DD2       _printf
 0251:01F7 idle  _PrintMsgList
 0000:169B       _putch
 0000:1596       _puttext
 0660:04FC idle  _RandomSem
 0000:1321 idle  _realloc
 0000:1A0B       _setblock
 0000:1A27       _setjmp
 0000:21B5       _setvbuf
 0000:2312       _sprintf
 0251:011F idle  _Task
 0251:01BB idle  _Task1
 0251:01CF idle  _Task2
 0251:01E3 idle  _Task3
 0660:0500 idle  _TaskData
 0251:0059 idle  _TaskStart
 0660:050A idle  _TaskStartStk
 0660:090A idle  _TaskStk
 0000:1522 idle  _ungetch
 0000:2334 idle  _vsprintf
 0000:1A9B idle  _wherex
 0000:1AAA idle  _wherey
 0000:1000 idle  __AHINCR
 0000:000C idle  __AHSHIFT
 0660:0204       __atexitcnt
 0660:3D3A       __atexittbl
 0000:1418       __brk
 0660:008B       __brklvl
 0660:006B idle  __C0argc
 0660:006D idle  __C0argv
 0000:0E72 idle  __c0crtinit
 0660:0071 idle  __C0environ
 0660:04E1       __cChar
 0000:033B idle  __cexit
 0660:04E0       __cFlag
 0000:016A       __checknull
 0000:0157       __cleanup
 0000:0C5E       __CPUTN
 0000:0E8F idle  __crtinit
 0000:0000  Abs  __cvtfak
 0000:0349 idle  __c_exit
 0660:03CC idle  __doserrno
 0000:051B idle  __DOSERROR
 0660:03CE idle  __dosErrorToSV
 0660:0075 idle  __envLng
 0660:0077 idle  __envseg
 0660:0079 idle  __envSize
 0000:0329       __exit
 0660:0206       __exitbuf
 0660:020A idle  __exitfopen
 0660:020E idle  __exitopen
 0000:1DED idle  __fputc
 0000:1FB2       __FPUTN
 0660:0087       __heapbase
 0660:008F       __heaptop
 0660:005B idle  __Int0Vector
 0660:005F idle  __Int4Vector
 0660:0063 idle  __Int5Vector
 0660:0067 idle  __Int6Vector
 0000:04E2       __IOERROR
 0000:053E       __LONGTOA
 0000:0293 idle  __MMODEL
 0660:03A2       __nfile
 0000:14FB idle  __Ngetche
 0000:151F idle  __Nungetch
 0660:03A4       __openfd
 0660:007D idle  __osmajor
 0660:007E idle  __osminor
 0660:007D idle  __osversion
 0660:007B       __psp
 0000:16B2       __REALCVT
 0660:04E8       __RealCvtVector
 0000:01C0       __restorezero
 0000:1457       __sbrk
 0660:04EA idle  __ScanTodVector
 0000:17EC       __SCREENIO
 0000:189F       __SCROLL
 0000:062A       __setupio
 0660:0081 idle  __StartTime
 0660:0428       __stklen
 0660:0212       __streams
 0000:016B       __terminate
 0000:0000 idle  __turboCrt
 0000:05C0 idle  __UTOA
 0000:1828       __VALIDATEXY
 0660:007D idle  __version
 0660:0494       __video
 0000:0DE7       __VideoInt
 0000:06FC       __VPRINTER
 0000:0BBF       __VPTR
 0000:0BE4       __VRAM
 0000:1A91       __wherexy
 0000:24A6       __write
 0660:0492       __wscroll
 0000:24E2       __xfflush
 0660:0085 idle  ___brklvl
 0000:0F70 idle  ___first
 0000:0F72 idle  ___last
 0000:0F74 idle  ___rover
 0000:2355       ___write

  Address         Publics by Value

 0000:0000 idle  __turboCrt
 0000:0000  Abs  __cvtfak
 0000:000C idle  __AHSHIFT
 0000:0157       __cleanup
 0000:016A       __checknull
 0000:016B       __terminate
 0000:01C0       __restorezero
 0000:027A       _abort
 0000:0291 idle  DGROUP@
 0000:0293 idle  __MMODEL
 0000:0295 idle  _atexit
 0000:031A       _exit
 0000:0329       __exit
 0000:033B idle  __cexit
 0000:0349 idle  __c_exit
 0000:0355       F_LXMUL@
 0000:0355 idle  LXMUL@
 0000:036C       _getdate
 0000:037F       _gettime
 0000:0392 idle  N_LDIV@
 0000:0395 idle  LDIV@
 0000:0395 idle  F_LDIV@
 0000:0399 idle  N_LUDIV@
 0000:039C       F_LUDIV@
 0000:039C idle  LUDIV@
 0000:03A1 idle  N_LMOD@
 0000:03A4 idle  F_LMOD@
 0000:03A4 idle  LMOD@
 0000:03A9 idle  N_LUMOD@
 0000:03AC idle  LUMOD@
 0000:03AC idle  F_LUMOD@
 0000:0440       N_LXLSH@
 0000:0443       F_LXLSH@
 0000:0443 idle  LXLSH@
 0000:0461 idle  N_LXURSH@
 0000:0464       F_LXURSH@
 0000:0464 idle  LXURSH@
 0000:0482       N_PADD@
 0000:0485 idle  F_PADD@
 0000:0485 idle  PADD@
 0000:04B1 idle  N_PSUB@
 0000:04B4 idle  F_PSUB@
 0000:04B4 idle  PSUB@
 0000:04E2       __IOERROR
 0000:051B idle  __DOSERROR
 0000:052D       _isatty
 0000:053E       __LONGTOA
 0000:05C0 idle  __UTOA
 0000:05E0       _lseek
 0000:0609       N_PCMP@
 0000:062A       __setupio
 0000:06FC       __VPRINTER
 0000:0BBF       __VPTR
 0000:0BE4       __VRAM
 0000:0C5E       __CPUTN
 0000:0D90 idle  _cprintf
 0000:0DE7       __VideoInt
 0000:0E72 idle  __c0crtinit
 0000:0E8F idle  __crtinit
 0000:0F70 idle  ___first
 0000:0F72 idle  ___last
 0000:0F74 idle  ___rover
 0000:1000 idle  __AHINCR
 0000:10B0       _free
 0000:10B0 idle  _farfree
 0000:11BA       _malloc
 0000:11C4 idle  _farmalloc
 0000:1321 idle  _realloc
 0000:1328 idle  _farrealloc
 0000:1418       __brk
 0000:1457       __sbrk
 0000:14E2       _getch
 0000:14FB idle  __Ngetche
 0000:14FE idle  _getche
 0000:151F idle  __Nungetch
 0000:1522 idle  _ungetch
 0000:1540       _gettext
 0000:1596       _puttext
 0000:15EC       _kbhit
 0000:15FE       _movetext
 0000:169B       _putch
 0000:16B2       __REALCVT
 0000:17EC       __SCREENIO
 0000:1828       __VALIDATEXY
 0000:189F       __SCROLL
 0000:1A0B       _setblock
 0000:1A27       _setjmp
 0000:1A5D       _longjmp
 0000:1A91       __wherexy
 0000:1A9B idle  _wherex
 0000:1AAA idle  _wherey
 0000:1ABD       _fflush
 0000:1B8A       _flushall
 0000:1C4E       _fseek
 0000:1CCE idle  _ftell
 0000:1DAE       _memcpy
 0000:1DD2       _printf
 0000:1DED idle  __fputc
 0000:1E09 idle  _fputc
 0000:1F9E idle  _fputchar
 0000:1FB2       __FPUTN
 0000:21B5       _setvbuf
 0000:2312       _sprintf
 0000:2334 idle  _vsprintf
 0000:2355       ___write
 0000:24A6       __write
 0000:24E2       __xfflush
 0251:000A       _main
 0251:0059 idle  _TaskStart
 0251:011F idle  _Task
 0251:01BB idle  _Task1
 0251:01CF idle  _Task2
 0251:01E3 idle  _Task3
 0251:01F7 idle  _PrintMsgList
 0251:0275 idle  _InitMsgList
 027A:0008       _OSStartHighRdy
 027A:0026       _OSCtxSw
 027A:0061       _OSIntCtxSw
 027A:008E       _OSTickISR
 0287:000E       _OSInitHookBegin
 0287:000F       _OSInitHookEnd
 0287:0010       _OSTaskCreateHook
 0287:0015       _OSTaskDelHook
 0287:001A       _OSTaskIdleHook
 0287:001B       _OSTaskStatHook
 0287:001C       _OSTaskStkInit
 0287:0102 idle  _OSTaskStkInit_FPE_x86
 0287:01DD       _OSTaskSwHook
 0287:01DE       _OSTCBInitHook
 0287:01E3       _OSTimeTickHook
 02A5:0004 idle  _PC_DispChar
 02A5:0042 idle  _PC_DispClrCol
 02A5:0088 idle  _PC_DispClrRow
 02A5:00C1 idle  _PC_DispClrScr
 02A5:00F2 idle  _PC_DispStr
 02A5:0141       _PC_DOSReturn
 02A5:0155       _PC_DOSSaveReturn
 02A5:01C3 idle  _PC_ElapsedInit
 02A5:01D7 idle  _PC_ElapsedStart
 02A5:01FD idle  _PC_ElapsedStop
 02A5:024E idle  _PC_GetDateTime
 02A5:02A1       _PC_GetKey
 02A5:02C8       _PC_SetTickRate
 02A5:0315 idle  _PC_VectGet
 02A5:034C       _PC_VectSet
 02DD:0001       _OSInit
 02DD:0039 idle  _OSIntEnter
 02DD:004C       _OSIntExit
 02DD:00ED idle  _OSSchedLock
 02DD:0103 idle  _OSSchedUnlock
 02DD:0130       _OSStart
 02DD:018F idle  _OSStatInit
 02DD:01CA       _OSTimeTick
 02DD:0260 idle  _OSVersion
 02DD:0264 idle  _OS_Dummy
 02DD:0265 idle  _OS_EventTaskRdy
 02DD:032F idle  _OS_EventTaskWait
 02DD:039C idle  _OS_EventTO
 02DD:03F0 idle  _OS_EventWaitListInit
 02DD:05EA idle  _OS_Sched
 02DD:0672 idle  _OS_TaskIdle
 02DD:0697 idle  _OS_TaskStat
 02DD:0763 idle  _OS_TCBInit
 02DD:096D idle  _OSFlagAccept
 02DD:0A9F idle  _OSFlagCreate
 02DD:0B17 idle  _OSFlagDel
 02DD:0C59 idle  _OSFlagPend
 02DD:0EB3 idle  _OSFlagPost
 02DD:1053 idle  _OSFlagQuery
 02DD:1175 idle  _OS_FlagInit
 02DD:1234 idle  _OS_FlagUnlink
 02DD:12E3 idle  _OSMboxAccept
 02DD:132E idle  _OSMboxCreate
 02DD:13A3 idle  _OSMboxDel
 02DD:14C1 idle  _OSMboxPend
 02DD:15C3 idle  _OSMboxPost
 02DD:163B idle  _OSMboxPostOpt
 02DD:16DE idle  _OSMboxQuery
 02DD:176C idle  _OSMemCreate
 02DD:18B7 idle  _OSMemGet
 02DD:1935 idle  _OSMemPut
 02DD:19A5 idle  _OSMemQuery
 02DD:1A4E idle  _OS_MemInit
 02DD:1AF2 idle  _OSMutexAccept
 02DD:1B7D idle  _OSMutexCreate
 02DD:1C63 idle  _OSMutexDel
 02DD:1DBD idle  _OSMutexPend
 02DD:1FA8 idle  _OSMutexPost
 02DD:2130 idle  _OSMutexQuery
 02DD:21E5 idle  _OSQAccept
 02DD:2285 idle  _OSQCreate
 02DD:23A8 idle  _OSQDel
 02DD:2525 idle  _OSQFlush
 02DD:257D idle  _OSQPend
 02DD:26C3 idle  _OSQPost
 02DD:278B idle  _OSQPostFront
 02DD:284D idle  _OSQPostOpt
 02DD:298B idle  _OSQQuery
 02DD:2A60 idle  _OS_QInit
 02DD:2AB0 idle  _OSSemAccept
 02DD:2AE2       _OSSemCreate
 02DD:2B56 idle  _OSSemDel
 02DD:2C74 idle  _OSSemPend
 02DD:2D24 idle  _OSSemPost
 02DD:2D7E idle  _OSSemQuery
 02DD:2E04 idle  _OSTaskChangePrio
 02DD:2FD0       _OSTaskCreate
 02DD:308D idle  _OSTaskCreateExt
 02DD:317D idle  _OSTaskDel
 02DD:335C idle  _OSTaskDelReq
 02DD:33C8 idle  _OSTaskResume
 02DD:3447 idle  _OSTaskStkChk
 02DD:352C idle  _OSTaskSuspend
 02DD:35DA idle  _OSTaskQuery
 02DD:3648       _OSTimeDly
 02DD:368F       _OSTimeDlyHMSM
 02DD:377E idle  _OSTimeDlyResume
 02DD:37F6       _OSTimeGet
 02DD:3815       _OSTimeSet
 0660:0000 idle  DATASEG@
 0660:005B idle  __Int0Vector
 0660:005F idle  __Int4Vector
 0660:0063 idle  __Int5Vector
 0660:0067 idle  __Int6Vector
 0660:006B idle  __C0argc
 0660:006D idle  __C0argv
 0660:0071 idle  __C0environ
 0660:0075 idle  __envLng
 0660:0077 idle  __envseg
 0660:0079 idle  __envSize
 0660:007B       __psp
 0660:007D idle  __osversion
 0660:007D idle  __osmajor
 0660:007D idle  __version
 0660:007E idle  __osminor
 0660:007F       _errno
 0660:0081 idle  __StartTime
 0660:0085 idle  ___brklvl
 0660:0087       __heapbase
 0660:008B       __brklvl
 0660:008F       __heaptop
 0660:00FC idle  _OSMapTbl
 0660:0104 idle  _OSUnMapTbl
 0660:0204       __atexitcnt
 0660:0206       __exitbuf
 0660:020A idle  __exitfopen
 0660:020E idle  __exitopen
 0660:0212       __streams
 0660:03A2       __nfile
 0660:03A4       __openfd
 0660:03CC idle  __doserrno
 0660:03CE idle  __dosErrorToSV
 0660:0428       __stklen
 0660:0492       __wscroll
 0660:0494       __video
 0660:04A3       _directvideo
 0660:04E0       __cFlag
 0660:04E1       __cChar
 0660:04E8       __RealCvtVector
 0660:04EA idle  __ScanTodVector
 0660:04FC idle  _RandomSem
 0660:0500 idle  _TaskData
 0660:050A idle  _TaskStartStk
 0660:090A idle  _TaskStk
 0660:310A       _OSTickDOSCtr
 0660:310C idle  _PC_TickISR
 0660:3128 idle  _OSTime
 0660:312C idle  _OSQTbl
 0660:315C idle  _OSQFreeList
 0660:3160 idle  _OSMemTbl
 0660:31C4 idle  _OSMemFreeList
 0660:31C8 idle  _OSTCBTbl
 0660:3493 idle  _OSTCBPrioTbl
 0660:34C7 idle  _OSTCBList
 0660:34CB       _OSTCBHighRdy
 0660:34CF idle  _OSTCBFreeList
 0660:34D3       _OSTCBCur
 0660:34D7 idle  _OSTaskIdleStk
 0660:38D7 idle  _OSIdleCtr
 0660:38DB idle  _OSTaskCtr
 0660:38DC       _OSRunning
 0660:38DD idle  _OSRdyTbl
 0660:38DF idle  _OSRdyGrp
 0660:38E0       _OSPrioHighRdy
 0660:38E1       _OSPrioCur
 0660:38E2 idle  _OSLockNesting
 0660:38E3 idle  _OSIntExitY
 0660:38E4       _OSIntNesting
 0660:38E5 idle  _OSTaskStatStk
 0660:3CE5 idle  _OSStatRdy
 0660:3CE6 idle  _OSIdleCtrRun
 0660:3CEA idle  _OSIdleCtrMax
 0660:3CEE idle  _OSCPUUsage
 0660:3CEF idle  _OSFlagFreeList
 0660:3CF3 idle  _OSFlagTbl
 0660:3D16 idle  _OSEventTbl
 0660:3D2A idle  _OSEventFreeList
 0660:3D2E       _OSCtxSwCtr
 0660:3D32       _msgTemp
 0660:3D36       _msgList
 0660:3D3A       __atexittbl

Program entry point at 0000:0000

